================================================================================
Testing Oracle P6 API with Real JWT Token
================================================================================

Token Information:
  User: Agel forcasting
  Client: PrimaveraWTSS_Adani_Stage
  Issued At: 2025-12-18T08:31:28.000Z
  Expires At: 2025-12-18T09:31:28.000Z
  Time Until Expiry: 57 minutes

Testing API Endpoints:
--------------------------------------------------------------------------------
Γ£ù /project - HTTP 404
Γ£ù /projects - HTTP 404
Γ£ù /api/project - HTTP 404
Γ£ù /api/projects - HTTP 404
Γ£ù /restapi/project - HTTP 400
  Error: { message: "Query String can't be empty." }
Γ£ù /p6ws/project - HTTP 404
Γ£ù /p6/project - HTTP 404
Γ£ù /activity - HTTP 404
Γ£ù /activities - HTTP 404
Γ£ù /wbs - HTTP 404
Γ£ù /resource - HTTP 404
Γ£ù /resources - HTTP 404

================================================================================
Test completed!
================================================================================
